## /opt/cubit/12.1-43317/bin/clarox
## Cubit Version 12.1
## Cubit Build 43317
## Revised 2010-05-10 14:55:38 -0600 (Mon, 10 May 2010)
## Running 11/26/2010 09:19:13 AM
## Command Options:
## -warning = On
## -information = On
brick x 1 y 1 z 1
volume 1 move x 0.5 y 0.5 z 0.5
webcut volume all with plane xplane offset 0.25 rotate -4 about 0 0 1 center 0.25 0.5 0.5 noimprint nomerge
webcut volume all with plane xplane offset 0.50 rotate  4 about 0 0 1 center 0.5 0.5 0.5 noimprint nomerge
webcut volume all with plane xplane offset 0.75 rotate -4 about 0 0 1 center 0.75 0.5 0.5 noimprint nomerge
webcut volume all with plane yplane offset 0.25 rotate  4 about 0 0 1 center 0.5 0.25 0.5 noimprint nomerge
webcut volume all with plane yplane offset 0.50 rotate -4 about 0 0 1 center 0.5 0.5 0.5 noimprint nomerge
webcut volume all with plane yplane offset 0.75 rotate  4 about 0 0 1 center 0.5 0.75 0.5 noimprint nomerge
imprint volume all
merge volume all
volume all size 0.25
mesh volume all
block 1 volume all
sideset 1 surface 16 23 36 29
sideset 2 surface 38 81 120 124
sideset 3 surface 31 33 26 13
sideset 4 surface 134 130 91 48
sideset 5 surface 133 131 88 49 59 98 141 143 153 151 108 69 41 80 119 125
sideset 6 surface 123 121 78 39 71 110 149 155 145 139 100 61 51 90 129 135
set large exodus file off
export genesis "4x4x4-nonortho-z.g" overwrite
