## /opt/cubit/12.1-43317/bin/clarox
## Cubit Version 12.1
## Cubit Build 43317
## Revised 2010-05-10 14:55:38 -0600 (Mon, 10 May 2010)
## Running 11/26/2010 11:25:27 AM
## Command Options:
## -warning = On
## -information = On
brick x 1 y 1 z 1
volume 1 move x 0.5 y 0.5 z 0.5
webcut volume all with plane yplane offset 0.25 rotate  4 about 1 0  1 center 0.5 0.25 0.5 noimprint nomerge
webcut volume all with plane yplane offset 0.50 rotate -4 about 1 0  0 center 0.5 0.5 0.5 noimprint nomerge
webcut volume all with plane yplane offset 0.75 rotate  4 about 1 0 -1 center 0.5 0.75 0.5 noimprint nomerge
webcut volume all with plane zplane offset 0.25 rotate -4 about 1  1 0 center 0.5 0.5 0.25 noimprint nomerge
webcut volume all with plane zplane offset 0.50 rotate  4 about 1  0 0 center 0.5 0.5 0.5 noimprint nomerge
webcut volume all with plane zplane offset 0.75 rotate -4 about 1 -1 0 center 0.5 0.5 0.75 noimprint nomerge
imprint volume all
merge volume all
volume all size 0.25
mesh volume all
block 1 volume all
