## /opt/cubit/12.1-43317/bin/clarox
## Cubit Version 12.1
## Cubit Build 43317
## Revised 2010-05-10 14:55:38 -0600 (Mon, 10 May 2010)
## Running 11/26/2010 11:40:36 AM
## Command Options:
## -warning = On
## -information = On
brick x 1 y 1 z 1
volume 1 move x 0.5 y 0.5 z 0.5
webcut volume all with plane xplane offset 0.25 rotate -4 about 0 1 0 center 0.25 0.5 0.5 noimprint nomerge
webcut volume all with plane xplane offset 0.5 rotate 4 about 0 1 0 center 0.5 0.5 0.5 noimprint nomerge
webcut volume all with plane xplane offset 0.75 rotate -4 about 0 1 0 center 0.75 0.5 0.5 noimprint nomerge
webcut volume all with plane zplane offset 0.25 rotate 4 about 0 1 0 center 0.5 0.5 0.25 noimprint nomerge
webcut volume all with plane zplane offset 0.5 rotate -4 about 0 1 0 center 0.5 0.5 0.5 noimprint nomerge
webcut volume all with plane zplane offset 0.75 rotate 4 about 0 1 0 center 0.5 0.5 0.75 noimprint nomerge
imprint volume all
merge volume all
volume all size 0.25
mesh volume all
block 1 volume all
sideset 1 surface 129 139 149 121 123 86 43 76 65 55 93 136 146 156 113 103
sideset 2 surface 118 125 84 46
sideset 3 surface 119 126 83 45 73 116 153 151 141 143 106 63 53 96 133 131
sideset 4 surface 56 94 135 128
sideset 5 surface 14 25 34 30
sideset 6 surface 15 24 35 28
set large exodus file off
export genesis "4x4x4-nonortho-y.g" overwrite
